Archive member included to satisfy reference by file (symbol)

c:/st/stm32cubeide_1.7.0/stm32cubeide/plugins/com.st.stm32cube.ide.mcu.externaltools.gnu-tools-for-stm32.9-2020-q2-update.win32_2.0.0.202105311346/tools/bin/../lib/gcc/arm-none-eabi/9.3.1/../../../../arm-none-eabi/lib/thumb/v7-m/nofp\libc_nano.a(lib_a-errno.o)
                              ./Core/Src/syscalls.o (__errno)
c:/st/stm32cubeide_1.7.0/stm32cubeide/plugins/com.st.stm32cube.ide.mcu.externaltools.gnu-tools-for-stm32.9-2020-q2-update.win32_2.0.0.202105311346/tools/bin/../lib/gcc/arm-none-eabi/9.3.1/../../../../arm-none-eabi/lib/thumb/v7-m/nofp\libc_nano.a(lib_a-exit.o)
                              c:/st/stm32cubeide_1.7.0/stm32cubeide/plugins/com.st.stm32cube.ide.mcu.externaltools.gnu-tools-for-stm32.9-2020-q2-update.win32_2.0.0.202105311346/tools/bin/../lib/gcc/arm-none-eabi/9.3.1/../../../../arm-none-eabi/lib/thumb/v7-m/nofp/crt0.o (exit)
c:/st/stm32cubeide_1.7.0/stm32cubeide/plugins/com.st.stm32cube.ide.mcu.externaltools.gnu-tools-for-stm32.9-2020-q2-update.win32_2.0.0.202105311346/tools/bin/../lib/gcc/arm-none-eabi/9.3.1/../../../../arm-none-eabi/lib/thumb/v7-m/nofp\libc_nano.a(lib_a-impure.o)
                              c:/st/stm32cubeide_1.7.0/stm32cubeide/plugins/com.st.stm32cube.ide.mcu.externaltools.gnu-tools-for-stm32.9-2020-q2-update.win32_2.0.0.202105311346/tools/bin/../lib/gcc/arm-none-eabi/9.3.1/../../../../arm-none-eabi/lib/thumb/v7-m/nofp\libc_nano.a(lib_a-exit.o) (_global_impure_ptr)
c:/st/stm32cubeide_1.7.0/stm32cubeide/plugins/com.st.stm32cube.ide.mcu.externaltools.gnu-tools-for-stm32.9-2020-q2-update.win32_2.0.0.202105311346/tools/bin/../lib/gcc/arm-none-eabi/9.3.1/../../../../arm-none-eabi/lib/thumb/v7-m/nofp\libc_nano.a(lib_a-init.o)
                              c:/st/stm32cubeide_1.7.0/stm32cubeide/plugins/com.st.stm32cube.ide.mcu.externaltools.gnu-tools-for-stm32.9-2020-q2-update.win32_2.0.0.202105311346/tools/bin/../lib/gcc/arm-none-eabi/9.3.1/../../../../arm-none-eabi/lib/thumb/v7-m/nofp/crt0.o (__libc_init_array)
c:/st/stm32cubeide_1.7.0/stm32cubeide/plugins/com.st.stm32cube.ide.mcu.externaltools.gnu-tools-for-stm32.9-2020-q2-update.win32_2.0.0.202105311346/tools/bin/../lib/gcc/arm-none-eabi/9.3.1/../../../../arm-none-eabi/lib/thumb/v7-m/nofp\libc_nano.a(lib_a-memset.o)
                              c:/st/stm32cubeide_1.7.0/stm32cubeide/plugins/com.st.stm32cube.ide.mcu.externaltools.gnu-tools-for-stm32.9-2020-q2-update.win32_2.0.0.202105311346/tools/bin/../lib/gcc/arm-none-eabi/9.3.1/../../../../arm-none-eabi/lib/thumb/v7-m/nofp/crt0.o (memset)

Allocating common symbols
Common symbol       size              file

uwTick              0x4               ./Drivers/STM32F1xx_HAL_Driver/Src/stm32f1xx_hal.o
pFlash              0x20              ./Drivers/STM32F1xx_HAL_Driver/Src/stm32f1xx_hal_flash.o
htim2               0x48              ./Core/Src/main.o

Discarded input sections

 .text          0x0000000000000000        0x0 c:/st/stm32cubeide_1.7.0/stm32cubeide/plugins/com.st.stm32cube.ide.mcu.externaltools.gnu-tools-for-stm32.9-2020-q2-update.win32_2.0.0.202105311346/tools/bin/../lib/gcc/arm-none-eabi/9.3.1/thumb/v7-m/nofp/crti.o
 .data          0x0000000000000000        0x0 c:/st/stm32cubeide_1.7.0/stm32cubeide/plugins/com.st.stm32cube.ide.mcu.externaltools.gnu-tools-for-stm32.9-2020-q2-update.win32_2.0.0.202105311346/tools/bin/../lib/gcc/arm-none-eabi/9.3.1/thumb/v7-m/nofp/crti.o
 .bss           0x0000000000000000        0x0 c:/st/stm32cubeide_1.7.0/stm32cubeide/plugins/com.st.stm32cube.ide.mcu.externaltools.gnu-tools-for-stm32.9-2020-q2-update.win32_2.0.0.202105311346/tools/bin/../lib/gcc/arm-none-eabi/9.3.1/thumb/v7-m/nofp/crti.o
 .data          0x0000000000000000        0x4 c:/st/stm32cubeide_1.7.0/stm32cubeide/plugins/com.st.stm32cube.ide.mcu.externaltools.gnu-tools-for-stm32.9-2020-q2-update.win32_2.0.0.202105311346/tools/bin/../lib/gcc/arm-none-eabi/9.3.1/thumb/v7-m/nofp/crtbegin.o
 .text          0x0000000000000000       0x7c c:/st/stm32cubeide_1.7.0/stm32cubeide/plugins/com.st.stm32cube.ide.mcu.externaltools.gnu-tools-for-stm32.9-2020-q2-update.win32_2.0.0.202105311346/tools/bin/../lib/gcc/arm-none-eabi/9.3.1/../../../../arm-none-eabi/lib/thumb/v7-m/nofp/crt0.o
 .data          0x0000000000000000        0x0 c:/st/stm32cubeide_1.7.0/stm32cubeide/plugins/com.st.stm32cube.ide.mcu.externaltools.gnu-tools-for-stm32.9-2020-q2-update.win32_2.0.0.202105311346/tools/bin/../lib/gcc/arm-none-eabi/9.3.1/../../../../arm-none-eabi/lib/thumb/v7-m/nofp/crt0.o
 .bss           0x0000000000000000        0x0 c:/st/stm32cubeide_1.7.0/stm32cubeide/plugins/com.st.stm32cube.ide.mcu.externaltools.gnu-tools-for-stm32.9-2020-q2-update.win32_2.0.0.202105311346/tools/bin/../lib/gcc/arm-none-eabi/9.3.1/../../../../arm-none-eabi/lib/thumb/v7-m/nofp/crt0.o
[...]
Memory Configuration

Name             Origin             Length             Attributes
RAM              0x0000000020000000 0x0000000000002800 xrw
FLASH            0x0000000008000000 0x0000000000008000 xr
*default*        0x0000000000000000 0xffffffffffffffff

Linker script and memory map

LOAD c:/st/stm32cubeide_1.7.0/stm32cubeide/plugins/com.st.stm32cube.ide.mcu.externaltools.gnu-tools-for-stm32.9-2020-q2-update.win32_2.0.0.202105311346/tools/bin/../lib/gcc/arm-none-eabi/9.3.1/thumb/v7-m/nofp/crti.o
LOAD c:/st/stm32cubeide_1.7.0/stm32cubeide/plugins/com.st.stm32cube.ide.mcu.externaltools.gnu-tools-for-stm32.9-2020-q2-update.win32_2.0.0.202105311346/tools/bin/../lib/gcc/arm-none-eabi/9.3.1/thumb/v7-m/nofp/crtbegin.o
LOAD c:/st/stm32cubeide_1.7.0/stm32cubeide/plugins/com.st.stm32cube.ide.mcu.externaltools.gnu-tools-for-stm32.9-2020-q2-update.win32_2.0.0.202105311346/tools/bin/../lib/gcc/arm-none-eabi/9.3.1/../../../../arm-none-eabi/lib/thumb/v7-m/nofp/crt0.o
LOAD ./Core/Src/button.o
LOAD ./Core/Src/fsm_auto.o
LOAD ./Core/Src/fsm_manual.o
LOAD ./Core/Src/global.o
LOAD ./Core/Src/led_7segment.o
LOAD ./Core/Src/led_control.o
LOAD ./Core/Src/led_traffic_light.o
LOAD ./Core/Src/main.o
LOAD ./Core/Src/mode_feature.o
LOAD ./Core/Src/software_timer.o
LOAD ./Core/Src/stm32f1xx_hal_msp.o
LOAD ./Core/Src/stm32f1xx_it.o
LOAD ./Core/Src/syscalls.o
LOAD ./Core/Src/sysmem.o
LOAD ./Core/Src/system_stm32f1xx.o
LOAD ./Core/Startup/startup_stm32f103c6tx.o
LOAD ./Drivers/STM32F1xx_HAL_Driver/Src/stm32f1xx_hal.o
LOAD ./Drivers/STM32F1xx_HAL_Driver/Src/stm32f1xx_hal_cortex.o
LOAD ./Drivers/STM32F1xx_HAL_Driver/Src/stm32f1xx_hal_dma.o
LOAD ./Drivers/STM32F1xx_HAL_Driver/Src/stm32f1xx_hal_exti.o
LOAD ./Drivers/STM32F1xx_HAL_Driver/Src/stm32f1xx_hal_flash.o
LOAD ./Drivers/STM32F1xx_HAL_Driver/Src/stm32f1xx_hal_flash_ex.o
LOAD ./Drivers/STM32F1xx_HAL_Driver/Src/stm32f1xx_hal_gpio.o
LOAD ./Drivers/STM32F1xx_HAL_Driver/Src/stm32f1xx_hal_gpio_ex.o
LOAD ./Drivers/STM32F1xx_HAL_Driver/Src/stm32f1xx_hal_pwr.o
LOAD ./Drivers/STM32F1xx_HAL_Driver/Src/stm32f1xx_hal_rcc.o
LOAD ./Drivers/STM32F1xx_HAL_Driver/Src/stm32f1xx_hal_rcc_ex.o
LOAD ./Drivers/STM32F1xx_HAL_Driver/Src/stm32f1xx_hal_tim.o
LOAD ./Drivers/STM32F1xx_HAL_Driver/Src/stm32f1xx_hal_tim_ex.o
START GROUP
LOAD c:/st/stm32cubeide_1.7.0/stm32cubeide/plugins/com.st.stm32cube.ide.mcu.externaltools.gnu-tools-for-stm32.9-2020-q2-update.win32_2.0.0.202105311346/tools/bin/../lib/gcc/arm-none-eabi/9.3.1/../../../../arm-none-eabi/lib/thumb/v7-m/nofp\libc_nano.a
LOAD c:/st/stm32cubeide_1.7.0/stm32cubeide/plugins/com.st.stm32cube.ide.mcu.externaltools.gnu-tools-for-stm32.9-2020-q2-update.win32_2.0.0.202105311346/tools/bin/../lib/gcc/arm-none-eabi/9.3.1/../../../../arm-none-eabi/lib/thumb/v7-m/nofp\libm.a
END GROUP
START GROUP
LOAD c:/st/stm32cubeide_1.7.0/stm32cubeide/plugins/com.st.stm32cube.ide.mcu.externaltools.gnu-tools-for-stm32.9-2020-q2-update.win32_2.0.0.202105311346/tools/bin/../lib/gcc/arm-none-eabi/9.3.1/thumb/v7-m/nofp\libgcc.a
LOAD c:/st/stm32cubeide_1.7.0/stm32cubeide/plugins/com.st.stm32cube.ide.mcu.externaltools.gnu-tools-for-stm32.9-2020-q2-update.win32_2.0.0.202105311346/tools/bin/../lib/gcc/arm-none-eabi/9.3.1/../../../../arm-none-eabi/lib/thumb/v7-m/nofp\libc_nano.a
END GROUP
START GROUP
LOAD c:/st/stm32cubeide_1.7.0/stm32cubeide/plugins/com.st.stm32cube.ide.mcu.externaltools.gnu-tools-for-stm32.9-2020-q2-update.win32_2.0.0.202105311346/tools/bin/../lib/gcc/arm-none-eabi/9.3.1/thumb/v7-m/nofp\libgcc.a
LOAD c:/st/stm32cubeide_1.7.0/stm32cubeide/plugins/com.st.stm32cube.ide.mcu.externaltools.gnu-tools-for-stm32.9-2020-q2-update.win32_2.0.0.202105311346/tools/bin/../lib/gcc/arm-none-eabi/9.3.1/../../../../arm-none-eabi/lib/thumb/v7-m/nofp\libc_nano.a
LOAD c:/st/stm32cubeide_1.7.0/stm32cubeide/plugins/com.st.stm32cube.ide.mcu.externaltools.gnu-tools-for-stm32.9-2020-q2-update.win32_2.0.0.202105311346/tools/bin/../lib/gcc/arm-none-eabi/9.3.1/../../../../arm-none-eabi/lib/thumb/v7-m/nofp\libnosys.a
END GROUP
START GROUP
LOAD c:/st/stm32cubeide_1.7.0/stm32cubeide/plugins/com.st.stm32cube.ide.mcu.externaltools.gnu-tools-for-stm32.9-2020-q2-update.win32_2.0.0.202105311346/tools/bin/../lib/gcc/arm-none-eabi/9.3.1/thumb/v7-m/nofp\libgcc.a
LOAD c:/st/stm32cubeide_1.7.0/stm32cubeide/plugins/com.st.stm32cube.ide.mcu.externaltools.gnu-tools-for-stm32.9-2020-q2-update.win32_2.0.0.202105311346/tools/bin/../lib/gcc/arm-none-eabi/9.3.1/../../../../arm-none-eabi/lib/thumb/v7-m/nofp\libc_nano.a
LOAD c:/st/stm32cubeide_1.7.0/stm32cubeide/plugins/com.st.stm32cube.ide.mcu.externaltools.gnu-tools-for-stm32.9-2020-q2-update.win32_2.0.0.202105311346/tools/bin/../lib/gcc/arm-none-eabi/9.3.1/../../../../arm-none-eabi/lib/thumb/v7-m/nofp\libnosys.a
END GROUP
LOAD c:/st/stm32cubeide_1.7.0/stm32cubeide/plugins/com.st.stm32cube.ide.mcu.externaltools.gnu-tools-for-stm32.9-2020-q2-update.win32_2.0.0.202105311346/tools/bin/../lib/gcc/arm-none-eabi/9.3.1/thumb/v7-m/nofp/crtend.o
LOAD c:/st/stm32cubeide_1.7.0/stm32cubeide/plugins/com.st.stm32cube.ide.mcu.externaltools.gnu-tools-for-stm32.9-2020-q2-update.win32_2.0.0.202105311346/tools/bin/../lib/gcc/arm-none-eabi/9.3.1/thumb/v7-m/nofp/crtn.o
                0x0000000020002800                _estack = (ORIGIN (RAM) + LENGTH (RAM))
                0x0000000000000200                _Min_Heap_Size = 0x200
                0x0000000000000400                _Min_Stack_Size = 0x400

.isr_vector     0x0000000008000000      0x10c
                0x0000000008000000                . = ALIGN (0x4)
 *(.isr_vector)
 .isr_vector    0x0000000008000000      0x10c ./Core/Startup/startup_stm32f103c6tx.o
                0x0000000008000000                g_pfnVectors
                0x000000000800010c                . = ALIGN (0x4)

.text           0x000000000800010c     0x2ca0
                0x000000000800010c                . = ALIGN (0x4)
 *(.text)
 .text          0x000000000800010c       0x40 c:/st/stm32cubeide_1.7.0/stm32cubeide/plugins/com.st.stm32cube.ide.mcu.externaltools.gnu-tools-for-stm32.9-2020-q2-update.win32_2.0.0.202105311346/tools/bin/../lib/gcc/arm-none-eabi/9.3.1/thumb/v7-m/nofp/crtbegin.o
 *(.text*)
 .text.debounceButtonBuffer1_pin
                0x000000000800014c       0x48 ./Core/Src/button.o
                0x000000000800014c                debounceButtonBuffer1_pin
 .text.button_reading
                0x0000000008000194       0xa8 ./Core/Src/button.o
                0x0000000008000194                button_reading
 .text.is_button_pressed
                0x000000000800023c       0x34 ./Core/Src/button.o
                0x000000000800023c                is_button_pressed
 .text.is_button_pressed_1s
                0x0000000008000270       0x34 ./Core/Src/button.o
                0x0000000008000270                is_button_pressed_1s
 .text.fsm_auto
                0x00000000080002a4       0xe8 ./Core/Src/fsm_auto.o
                0x00000000080002a4                fsm_auto
 .text.fsm_manual
                0x000000000800038c      0x180 ./Core/Src/fsm_manual.o
                0x000000000800038c                fsm_manual
 .text.setTimer
                0x000000000800050c       0x44 ./Core/Src/global.o
                0x000000000800050c                setTimer
 .text.enableMode
                0x0000000008000550      0x11c ./Core/Src/led_7segment.o
                0x0000000008000550                enableMode
 .text.display7SEG
                0x000000000800066c      0x364 ./Core/Src/led_7segment.o
                0x000000000800066c                display7SEG
 .text.timer_run_road1
                0x00000000080009d0       0xb8 ./Core/Src/led_control.o
                0x00000000080009d0                timer_run_road1
 .text.timer_run_road2
                0x0000000008000a88       0xb8 ./Core/Src/led_control.o
                0x0000000008000a88                timer_run_road2
 .text.resetTimer
                0x0000000008000b40       0xa4 ./Core/Src/led_control.o
                0x0000000008000b40                resetTimer
 .text.timer_flag_on
                0x0000000008000be4       0x3c ./Core/Src/led_control.o
                0x0000000008000be4                timer_flag_on
 .text.updateLedBuffer
                0x0000000008000c20       0x6c ./Core/Src/led_control.o
                0x0000000008000c20                updateLedBuffer
 .text.update7SEG
                0x0000000008000c8c       0x30 ./Core/Src/led_control.o
                0x0000000008000c8c                update7SEG
 .text.timer_run_4digits
                0x0000000008000cbc       0x5c ./Core/Src/led_control.o
                0x0000000008000cbc                timer_run_4digits
 .text.ledOn    0x0000000008000d18      0x150 ./Core/Src/led_traffic_light.o
                0x0000000008000d18                ledOn
 .text.main     0x0000000008000e68       0x28 ./Core/Src/main.o
                0x0000000008000e68                main
 .text.SystemClock_Config
                0x0000000008000e90       0x76 ./Core/Src/main.o
                0x0000000008000e90                SystemClock_Config
 *fill*         0x0000000008000f06        0x2 
 .text.MX_TIM2_Init
                0x0000000008000f08       0x98 ./Core/Src/main.o
 .text.MX_GPIO_Init
                0x0000000008000fa0       0xc4 ./Core/Src/main.o
 .text.Error_Handler
                0x0000000008001064        0xa ./Core/Src/main.o
                0x0000000008001064                Error_Handler
 *fill*         0x000000000800106e        0x2 
 .text.ledOff   0x0000000008001070       0x50 ./Core/Src/mode_feature.o
                0x0000000008001070                ledOff
 .text.button_2_value
                0x00000000080010c0       0x98 ./Core/Src/mode_feature.o
                0x00000000080010c0                button_2_value
 .text.changeModeState
                0x0000000008001158       0x80 ./Core/Src/mode_feature.o
                0x0000000008001158                changeModeState
 .text.timer_run_mode
                0x00000000080011d8       0x34 ./Core/Src/mode_feature.o
                0x00000000080011d8                timer_run_mode
 .text.timer_mode_flag_on
                0x000000000800120c       0x44 ./Core/Src/mode_feature.o
                0x000000000800120c                timer_mode_flag_on
 .text.mode2State
                0x0000000008001250       0x38 ./Core/Src/mode_feature.o
                0x0000000008001250                mode2State
 .text.mode3State
                0x0000000008001288       0x38 ./Core/Src/mode_feature.o
                0x0000000008001288                mode3State
 .text.mode4State
                0x00000000080012c0       0x38 ./Core/Src/mode_feature.o
                0x00000000080012c0                mode4State
 .text.currentModeRun
                0x00000000080012f8       0x38 ./Core/Src/mode_feature.o
                0x00000000080012f8                currentModeRun
 .text.update7SEG_mode
                0x0000000008001330       0x30 ./Core/Src/mode_feature.o
                0x0000000008001330                update7SEG_mode
 .text.button_2_changed_value
                0x0000000008001360       0xe4 ./Core/Src/mode_feature.o
                0x0000000008001360                button_2_changed_value
 .text.setValue
                0x0000000008001444      0x104 ./Core/Src/mode_feature.o
                0x0000000008001444                setValue
 .text.timer_run_4digits_mode
                0x0000000008001548       0x60 ./Core/Src/mode_feature.o
                0x0000000008001548                timer_run_4digits_mode
 .text.HAL_TIM_PeriodElapsedCallback
                0x00000000080015a8       0x58 ./Core/Src/software_timer.o
                0x00000000080015a8                HAL_TIM_PeriodElapsedCallback
 .text.HAL_MspInit
                0x0000000008001600       0x64 ./Core/Src/stm32f1xx_hal_msp.o
                0x0000000008001600                HAL_MspInit
 .text.HAL_TIM_Base_MspInit
                0x0000000008001664       0x48 ./Core/Src/stm32f1xx_hal_msp.o
                0x0000000008001664                HAL_TIM_Base_MspInit
 .text.NMI_Handler
                0x00000000080016ac        0x6 ./Core/Src/stm32f1xx_it.o
                0x00000000080016ac                NMI_Handler
 .text.HardFault_Handler
                0x00000000080016b2        0x6 ./Core/Src/stm32f1xx_it.o
                0x00000000080016b2                HardFault_Handler
 .text.MemManage_Handler
                0x00000000080016b8        0x6 ./Core/Src/stm32f1xx_it.o
                0x00000000080016b8                MemManage_Handler
 .text.BusFault_Handler
                0x00000000080016be        0x6 ./Core/Src/stm32f1xx_it.o
                0x00000000080016be                BusFault_Handler
 .text.UsageFault_Handler
                0x00000000080016c4        0x6 ./Core/Src/stm32f1xx_it.o
                0x00000000080016c4                UsageFault_Handler
 .text.SVC_Handler
                0x00000000080016ca        0xc ./Core/Src/stm32f1xx_it.o
                0x00000000080016ca                SVC_Handler
 .text.DebugMon_Handler
                0x00000000080016d6        0xc ./Core/Src/stm32f1xx_it.o
                0x00000000080016d6                DebugMon_Handler
 .text.PendSV_Handler
                0x00000000080016e2        0xc ./Core/Src/stm32f1xx_it.o
                0x00000000080016e2                PendSV_Handler
 .text.SysTick_Handler
                0x00000000080016ee        0xc ./Core/Src/stm32f1xx_it.o
                0x00000000080016ee                SysTick_Handler
 *fill*         0x00000000080016fa        0x2 
 .text.TIM2_IRQHandler
                0x00000000080016fc       0x14 ./Core/Src/stm32f1xx_it.o
                0x00000000080016fc                TIM2_IRQHandler
 .text.SystemInit
                0x0000000008001710        0xc ./Core/Src/system_stm32f1xx.o
                0x0000000008001710                SystemInit
 .text.Reset_Handler
                0x000000000800171c       0x48 ./Core/Startup/startup_stm32f103c6tx.o
                0x000000000800171c                Reset_Handler
 .text.Default_Handler
                0x0000000008001764        0x2 ./Core/Startup/startup_stm32f103c6tx.o
                0x0000000008001764                RTC_Alarm_IRQHandler
                0x0000000008001764                EXTI2_IRQHandler
                0x0000000008001764                TIM1_CC_IRQHandler
                0x0000000008001764                PVD_IRQHandler
                0x0000000008001764                EXTI3_IRQHandler
                0x0000000008001764                EXTI0_IRQHandler
                0x0000000008001764                ADC1_2_IRQHandler
                0x0000000008001764                SPI1_IRQHandler
                0x0000000008001764                TAMPER_IRQHandler
                0x0000000008001764                DMA1_Channel4_IRQHandler
                0x0000000008001764                RTC_IRQHandler
                0x0000000008001764                DMA1_Channel7_IRQHandler
                0x0000000008001764                CAN1_RX1_IRQHandler
                0x0000000008001764                I2C1_EV_IRQHandler
                0x0000000008001764                DMA1_Channel6_IRQHandler
                0x0000000008001764                TIM3_IRQHandler
                0x0000000008001764                RCC_IRQHandler
                0x0000000008001764                TIM1_TRG_COM_IRQHandler
                0x0000000008001764                DMA1_Channel1_IRQHandler
                0x0000000008001764                Default_Handler
                0x0000000008001764                EXTI15_10_IRQHandler
                0x0000000008001764                EXTI9_5_IRQHandler
                0x0000000008001764                DMA1_Channel5_IRQHandler
                0x0000000008001764                EXTI4_IRQHandler
                0x0000000008001764                USB_LP_CAN1_RX0_IRQHandler
                0x0000000008001764                USB_HP_CAN1_TX_IRQHandler
                0x0000000008001764                DMA1_Channel3_IRQHandler
                0x0000000008001764                TIM1_UP_IRQHandler
                0x0000000008001764                WWDG_IRQHandler
                0x0000000008001764                TIM1_BRK_IRQHandler
                0x0000000008001764                EXTI1_IRQHandler
                0x0000000008001764                USART2_IRQHandler
                0x0000000008001764                DMA1_Channel2_IRQHandler
                0x0000000008001764                CAN1_SCE_IRQHandler
                0x0000000008001764                FLASH_IRQHandler
                0x0000000008001764                USART1_IRQHandler
                0x0000000008001764                I2C1_ER_IRQHandler
                0x0000000008001764                USBWakeUp_IRQHandler
 *fill*         0x0000000008001766        0x2 
 .text.HAL_Init
                0x0000000008001768       0x2c ./Drivers/STM32F1xx_HAL_Driver/Src/stm32f1xx_hal.o
                0x0000000008001768                HAL_Init
 .text.HAL_InitTick
                0x0000000008001794       0x60 ./Drivers/STM32F1xx_HAL_Driver/Src/stm32f1xx_hal.o
                0x0000000008001794                HAL_InitTick
 .text.HAL_IncTick
                0x00000000080017f4       0x24 ./Drivers/STM32F1xx_HAL_Driver/Src/stm32f1xx_hal.o
                0x00000000080017f4                HAL_IncTick
 .text.HAL_GetTick
                0x0000000008001818       0x14 ./Drivers/STM32F1xx_HAL_Driver/Src/stm32f1xx_hal.o
                0x0000000008001818                HAL_GetTick
 .text.__NVIC_SetPriorityGrouping
                0x000000000800182c       0x48 ./Drivers/STM32F1xx_HAL_Driver/Src/stm32f1xx_hal_cortex.o
 .text.__NVIC_GetPriorityGrouping
                0x0000000008001874       0x1c ./Drivers/STM32F1xx_HAL_Driver/Src/stm32f1xx_hal_cortex.o
 .text.__NVIC_EnableIRQ
                0x0000000008001890       0x38 ./Drivers/STM32F1xx_HAL_Driver/Src/stm32f1xx_hal_cortex.o
 .text.__NVIC_SetPriority
                0x00000000080018c8       0x54 ./Drivers/STM32F1xx_HAL_Driver/Src/stm32f1xx_hal_cortex.o
 .text.NVIC_EncodePriority
                0x000000000800191c       0x64 ./Drivers/STM32F1xx_HAL_Driver/Src/stm32f1xx_hal_cortex.o
 .text.SysTick_Config
                0x0000000008001980       0x44 ./Drivers/STM32F1xx_HAL_Driver/Src/stm32f1xx_hal_cortex.o
 .text.HAL_NVIC_SetPriorityGrouping
                0x00000000080019c4       0x16 ./Drivers/STM32F1xx_HAL_Driver/Src/stm32f1xx_hal_cortex.o
                0x00000000080019c4                HAL_NVIC_SetPriorityGrouping
 .text.HAL_NVIC_SetPriority
                0x00000000080019da       0x38 ./Drivers/STM32F1xx_HAL_Driver/Src/stm32f1xx_hal_cortex.o
                0x00000000080019da                HAL_NVIC_SetPriority
 .text.HAL_NVIC_EnableIRQ
                0x0000000008001a12       0x1c ./Drivers/STM32F1xx_HAL_Driver/Src/stm32f1xx_hal_cortex.o
                0x0000000008001a12                HAL_NVIC_EnableIRQ
 .text.HAL_SYSTICK_Config
                0x0000000008001a2e       0x18 ./Drivers/STM32F1xx_HAL_Driver/Src/stm32f1xx_hal_cortex.o
                0x0000000008001a2e                HAL_SYSTICK_Config
 *fill*         0x0000000008001a46        0x2 
 .text.HAL_GPIO_Init
                0x0000000008001a48      0x2f4 ./Drivers/STM32F1xx_HAL_Driver/Src/stm32f1xx_hal_gpio.o
                0x0000000008001a48                HAL_GPIO_Init
 .text.HAL_GPIO_ReadPin
                0x0000000008001d3c       0x2e ./Drivers/STM32F1xx_HAL_Driver/Src/stm32f1xx_hal_gpio.o
                0x0000000008001d3c                HAL_GPIO_ReadPin
 .text.HAL_GPIO_WritePin
                0x0000000008001d6a       0x30 ./Drivers/STM32F1xx_HAL_Driver/Src/stm32f1xx_hal_gpio.o
                0x0000000008001d6a                HAL_GPIO_WritePin
 .text.HAL_GPIO_TogglePin
                0x0000000008001d9a       0x32 ./Drivers/STM32F1xx_HAL_Driver/Src/stm32f1xx_hal_gpio.o
                0x0000000008001d9a                HAL_GPIO_TogglePin
 .text.HAL_RCC_OscConfig
                0x0000000008001dcc      0x500 ./Drivers/STM32F1xx_HAL_Driver/Src/stm32f1xx_hal_rcc.o
                0x0000000008001dcc                HAL_RCC_OscConfig
 .text.HAL_RCC_ClockConfig
                0x00000000080022cc      0x1d4 ./Drivers/STM32F1xx_HAL_Driver/Src/stm32f1xx_hal_rcc.o
                0x00000000080022cc                HAL_RCC_ClockConfig
 .text.HAL_RCC_GetSysClockFreq
                0x00000000080024a0       0xa8 ./Drivers/STM32F1xx_HAL_Driver/Src/stm32f1xx_hal_rcc.o
                0x00000000080024a0                HAL_RCC_GetSysClockFreq
 .text.RCC_Delay
                0x0000000008002548       0x3c ./Drivers/STM32F1xx_HAL_Driver/Src/stm32f1xx_hal_rcc.o
 .text.HAL_TIM_Base_Init
                0x0000000008002584       0x9e ./Drivers/STM32F1xx_HAL_Driver/Src/stm32f1xx_hal_tim.o
                0x0000000008002584                HAL_TIM_Base_Init
 *fill*         0x0000000008002622        0x2 
 .text.HAL_TIM_Base_Start_IT
                0x0000000008002624       0x98 ./Drivers/STM32F1xx_HAL_Driver/Src/stm32f1xx_hal_tim.o
                0x0000000008002624                HAL_TIM_Base_Start_IT
 .text.HAL_TIM_IRQHandler
                0x00000000080026bc      0x1e0 ./Drivers/STM32F1xx_HAL_Driver/Src/stm32f1xx_hal_tim.o
                0x00000000080026bc                HAL_TIM_IRQHandler
 .text.HAL_TIM_ConfigClockSource
                0x000000000800289c      0x18e ./Drivers/STM32F1xx_HAL_Driver/Src/stm32f1xx_hal_tim.o
                0x000000000800289c                HAL_TIM_ConfigClockSource
 .text.HAL_TIM_OC_DelayElapsedCallback
                0x0000000008002a2a       0x12 ./Drivers/STM32F1xx_HAL_Driver/Src/stm32f1xx_hal_tim.o
                0x0000000008002a2a                HAL_TIM_OC_DelayElapsedCallback
 .text.HAL_TIM_IC_CaptureCallback
                0x0000000008002a3c       0x12 ./Drivers/STM32F1xx_HAL_Driver/Src/stm32f1xx_hal_tim.o
                0x0000000008002a3c                HAL_TIM_IC_CaptureCallback
 .text.HAL_TIM_PWM_PulseFinishedCallback
                0x0000000008002a4e       0x12 ./Drivers/STM32F1xx_HAL_Driver/Src/stm32f1xx_hal_tim.o
                0x0000000008002a4e                HAL_TIM_PWM_PulseFinishedCallback
 .text.HAL_TIM_TriggerCallback
                0x0000000008002a60       0x12 ./Drivers/STM32F1xx_HAL_Driver/Src/stm32f1xx_hal_tim.o
                0x0000000008002a60                HAL_TIM_TriggerCallback
 *fill*         0x0000000008002a72        0x2 
 .text.TIM_Base_SetConfig
                0x0000000008002a74       0xc8 ./Drivers/STM32F1xx_HAL_Driver/Src/stm32f1xx_hal_tim.o
                0x0000000008002a74                TIM_Base_SetConfig
 .text.TIM_TI1_ConfigInputStage
                0x0000000008002b3c       0x5c ./Drivers/STM32F1xx_HAL_Driver/Src/stm32f1xx_hal_tim.o
 .text.TIM_TI2_ConfigInputStage
                0x0000000008002b98       0x5e ./Drivers/STM32F1xx_HAL_Driver/Src/stm32f1xx_hal_tim.o
 .text.TIM_ITRx_SetConfig
                0x0000000008002bf6       0x34 ./Drivers/STM32F1xx_HAL_Driver/Src/stm32f1xx_hal_tim.o
 .text.TIM_ETR_SetConfig
                0x0000000008002c2a       0x3e ./Drivers/STM32F1xx_HAL_Driver/Src/stm32f1xx_hal_tim.o
                0x0000000008002c2a                TIM_ETR_SetConfig
 .text.HAL_TIMEx_MasterConfigSynchronization
                0x0000000008002c68       0xb0 ./Drivers/STM32F1xx_HAL_Driver/Src/stm32f1xx_hal_tim_ex.o
                0x0000000008002c68                HAL_TIMEx_MasterConfigSynchronization
 .text.HAL_TIMEx_CommutCallback
                0x0000000008002d18       0x12 ./Drivers/STM32F1xx_HAL_Driver/Src/stm32f1xx_hal_tim_ex.o
                0x0000000008002d18                HAL_TIMEx_CommutCallback
 .text.HAL_TIMEx_BreakCallback
                0x0000000008002d2a       0x12 ./Drivers/STM32F1xx_HAL_Driver/Src/stm32f1xx_hal_tim_ex.o
                0x0000000008002d2a                HAL_TIMEx_BreakCallback
 .text.__libc_init_array
                0x0000000008002d3c       0x48 c:/st/stm32cubeide_1.7.0/stm32cubeide/plugins/com.st.stm32cube.ide.mcu.externaltools.gnu-tools-for-stm32.9-2020-q2-update.win32_2.0.0.202105311346/tools/bin/../lib/gcc/arm-none-eabi/9.3.1/../../../../arm-none-eabi/lib/thumb/v7-m/nofp\libc_nano.a(lib_a-init.o)
                0x0000000008002d3c                __libc_init_array
 .text.memset   0x0000000008002d84       0x10 c:/st/stm32cubeide_1.7.0/stm32cubeide/plugins/com.st.stm32cube.ide.mcu.externaltools.gnu-tools-for-stm32.9-2020-q2-update.win32_2.0.0.202105311346/tools/bin/../lib/gcc/arm-none-eabi/9.3.1/../../../../arm-none-eabi/lib/thumb/v7-m/nofp\libc_nano.a(lib_a-memset.o)
                0x0000000008002d84                memset
 *(.glue_7)
 .glue_7        0x0000000008002d94        0x0 linker stubs
 *(.glue_7t)
 .glue_7t       0x0000000008002d94        0x0 linker stubs
 *(.eh_frame)
 .eh_frame      0x0000000008002d94        0x0 c:/st/stm32cubeide_1.7.0/stm32cubeide/plugins/com.st.stm32cube.ide.mcu.externaltools.gnu-tools-for-stm32.9-2020-q2-update.win32_2.0.0.202105311346/tools/bin/../lib/gcc/arm-none-eabi/9.3.1/thumb/v7-m/nofp/crtbegin.o
 *(.init)
 .init          0x0000000008002d94        0x4 c:/st/stm32cubeide_1.7.0/stm32cubeide/plugins/com.st.stm32cube.ide.mcu.externaltools.gnu-tools-for-stm32.9-2020-q2-update.win32_2.0.0.202105311346/tools/bin/../lib/gcc/arm-none-eabi/9.3.1/thumb/v7-m/nofp/crti.o
                0x0000000008002d94                _init
 .init          0x0000000008002d98        0x8 c:/st/stm32cubeide_1.7.0/stm32cubeide/plugins/com.st.stm32cube.ide.mcu.externaltools.gnu-tools-for-stm32.9-2020-q2-update.win32_2.0.0.202105311346/tools/bin/../lib/gcc/arm-none-eabi/9.3.1/thumb/v7-m/nofp/crtn.o
 *(.fini)
 .fini          0x0000000008002da0        0x4 c:/st/stm32cubeide_1.7.0/stm32cubeide/plugins/com.st.stm32cube.ide.mcu.externaltools.gnu-tools-for-stm32.9-2020-q2-update.win32_2.0.0.202105311346/tools/bin/../lib/gcc/arm-none-eabi/9.3.1/thumb/v7-m/nofp/crti.o
                0x0000000008002da0                _fini
 .fini          0x0000000008002da4        0x8 c:/st/stm32cubeide_1.7.0/stm32cubeide/plugins/com.st.stm32cube.ide.mcu.externaltools.gnu-tools-for-stm32.9-2020-q2-update.win32_2.0.0.202105311346/tools/bin/../lib/gcc/arm-none-eabi/9.3.1/thumb/v7-m/nofp/crtn.o
                0x0000000008002dac                . = ALIGN (0x4)
                0x0000000008002dac                _etext = .

.vfp11_veneer   0x0000000008002dac        0x0
 .vfp11_veneer  0x0000000008002dac        0x0 linker stubs

.v4_bx          0x0000000008002dac        0x0
 .v4_bx         0x0000000008002dac        0x0 linker stubs

.iplt           0x0000000008002dac        0x0
 .iplt          0x0000000008002dac        0x0 c:/st/stm32cubeide_1.7.0/stm32cubeide/plugins/com.st.stm32cube.ide.mcu.externaltools.gnu-tools-for-stm32.9-2020-q2-update.win32_2.0.0.202105311346/tools/bin/../lib/gcc/arm-none-eabi/9.3.1/thumb/v7-m/nofp/crtbegin.o

.rodata         0x0000000008002dac       0x24
                0x0000000008002dac                . = ALIGN (0x4)
 *(.rodata)
 *(.rodata*)
 .rodata.AHBPrescTable
                0x0000000008002dac       0x10 ./Core/Src/system_stm32f1xx.o
                0x0000000008002dac                AHBPrescTable
 .rodata.aPLLMULFactorTable.6032
                0x0000000008002dbc       0x10 ./Drivers/STM32F1xx_HAL_Driver/Src/stm32f1xx_hal_rcc.o
 .rodata.aPredivFactorTable.6033
                0x0000000008002dcc        0x2 ./Drivers/STM32F1xx_HAL_Driver/Src/stm32f1xx_hal_rcc.o
                0x0000000008002dd0                . = ALIGN (0x4)
 *fill*         0x0000000008002dce        0x2 

.rel.dyn        0x0000000008002dd0        0x0
 .rel.iplt      0x0000000008002dd0        0x0 c:/st/stm32cubeide_1.7.0/stm32cubeide/plugins/com.st.stm32cube.ide.mcu.externaltools.gnu-tools-for-stm32.9-2020-q2-update.win32_2.0.0.202105311346/tools/bin/../lib/gcc/arm-none-eabi/9.3.1/thumb/v7-m/nofp/crtbegin.o

.ARM.extab      0x0000000008002dd0        0x0
                0x0000000008002dd0                . = ALIGN (0x4)
 *(.ARM.extab* .gnu.linkonce.armextab.*)
                0x0000000008002dd0                . = ALIGN (0x4)

.ARM            0x0000000008002dd0        0x0
                0x0000000008002dd0                . = ALIGN (0x4)
                0x0000000008002dd0                __exidx_start = .
 *(.ARM.exidx*)
                0x0000000008002dd0                __exidx_end = .
                0x0000000008002dd0                . = ALIGN (0x4)

.preinit_array  0x0000000008002dd0        0x0
                0x0000000008002dd0                . = ALIGN (0x4)
                0x0000000008002dd0                PROVIDE (__preinit_array_start = .)
 *(.preinit_array*)
                0x0000000008002dd0                PROVIDE (__preinit_array_end = .)
                0x0000000008002dd0                . = ALIGN (0x4)

.init_array     0x0000000008002dd0        0x4
                0x0000000008002dd0                . = ALIGN (0x4)
                0x0000000008002dd0                PROVIDE (__init_array_start = .)
 *(SORT_BY_NAME(.init_array.*))
 *(.init_array*)
 .init_array    0x0000000008002dd0        0x4 c:/st/stm32cubeide_1.7.0/stm32cubeide/plugins/com.st.stm32cube.ide.mcu.externaltools.gnu-tools-for-stm32.9-2020-q2-update.win32_2.0.0.202105311346/tools/bin/../lib/gcc/arm-none-eabi/9.3.1/thumb/v7-m/nofp/crtbegin.o
                0x0000000008002dd4                PROVIDE (__init_array_end = .)
                0x0000000008002dd4                . = ALIGN (0x4)

.fini_array     0x0000000008002dd4        0x4
                0x0000000008002dd4                . = ALIGN (0x4)
                [!provide]                        PROVIDE (__fini_array_start = .)
 *(SORT_BY_NAME(.fini_array.*))
 *(.fini_array*)
 .fini_array    0x0000000008002dd4        0x4 c:/st/stm32cubeide_1.7.0/stm32cubeide/plugins/com.st.stm32cube.ide.mcu.externaltools.gnu-tools-for-stm32.9-2020-q2-update.win32_2.0.0.202105311346/tools/bin/../lib/gcc/arm-none-eabi/9.3.1/thumb/v7-m/nofp/crtbegin.o
                [!provide]                        PROVIDE (__fini_array_end = .)
                0x0000000008002dd8                . = ALIGN (0x4)
                0x0000000008002dd8                _sidata = LOADADDR (.data)

.data           0x0000000020000000       0x44 load address 0x0000000008002dd8
                0x0000000020000000                . = ALIGN (0x4)
                0x0000000020000000                _sdata = .
 *(.data)
 *(.data*)
 .data.timer_counter
                0x0000000020000000       0x20 ./Core/Src/global.o
                0x0000000020000000                timer_counter
 .data.ledColorStateRoad2
                0x0000000020000020        0x1 ./Core/Src/global.o
                0x0000000020000020                ledColorStateRoad2
 *fill*         0x0000000020000021        0x3 
 .data.RED_LED_COUNTER
                0x0000000020000024        0x4 ./Core/Src/global.o
                0x0000000020000024                RED_LED_COUNTER
 .data.AMBER_LED_COUNTER
                0x0000000020000028        0x4 ./Core/Src/global.o
                0x0000000020000028                AMBER_LED_COUNTER
 .data.GREEN_LED_COUNTER
                0x000000002000002c        0x4 ./Core/Src/global.o
                0x000000002000002c                GREEN_LED_COUNTER
 .data.DIGITS_LED_COUNTER
                0x0000000020000030        0x4 ./Core/Src/global.o
                0x0000000020000030                DIGITS_LED_COUNTER
 .data.currentMode
                0x0000000020000034        0x1 ./Core/Src/global.o
                0x0000000020000034                currentMode
 *fill*         0x0000000020000035        0x3 
 .data.SystemCoreClock
                0x0000000020000038        0x4 ./Core/Src/system_stm32f1xx.o
                0x0000000020000038                SystemCoreClock
 .data.uwTickPrio
                0x000000002000003c        0x4 ./Drivers/STM32F1xx_HAL_Driver/Src/stm32f1xx_hal.o
                0x000000002000003c                uwTickPrio
 .data.uwTickFreq
                0x0000000020000040        0x1 ./Drivers/STM32F1xx_HAL_Driver/Src/stm32f1xx_hal.o
                0x0000000020000040                uwTickFreq
 *(.RamFunc)
 *(.RamFunc*)
                0x0000000020000044                . = ALIGN (0x4)
 *fill*         0x0000000020000041        0x3 
                0x0000000020000044                _edata = .

.igot.plt       0x0000000020000044        0x0 load address 0x0000000008002e1c
 .igot.plt      0x0000000020000044        0x0 c:/st/stm32cubeide_1.7.0/stm32cubeide/plugins/com.st.stm32cube.ide.mcu.externaltools.gnu-tools-for-stm32.9-2020-q2-update.win32_2.0.0.202105311346/tools/bin/../lib/gcc/arm-none-eabi/9.3.1/thumb/v7-m/nofp/crtbegin.o
                0x0000000020000044                . = ALIGN (0x4)

.bss            0x0000000020000044       0xc4 load address 0x0000000008002e1c
                0x0000000020000044                _sbss = .
                0x0000000020000044                __bss_start__ = _sbss
 *(.bss)
 .bss           0x0000000020000044       0x1c c:/st/stm32cubeide_1.7.0/stm32cubeide/plugins/com.st.stm32cube.ide.mcu.externaltools.gnu-tools-for-stm32.9-2020-q2-update.win32_2.0.0.202105311346/tools/bin/../lib/gcc/arm-none-eabi/9.3.1/thumb/v7-m/nofp/crtbegin.o
 *(.bss*)
 .bss.buttonBuffer
                0x0000000020000060        0x3 ./Core/Src/button.o
 *fill*         0x0000000020000063        0x1 
 .bss.debounceButtonBuffer1
                0x0000000020000064        0x3 ./Core/Src/button.o
 *fill*         0x0000000020000067        0x1 
 .bss.debounceButtonBuffer2
                0x0000000020000068        0x3 ./Core/Src/button.o
 *fill*         0x000000002000006b        0x1 
 .bss.flagForButtonPress1s
                0x000000002000006c        0x3 ./Core/Src/button.o
 *fill*         0x000000002000006f        0x1 
 .bss.counterForButtonPress1s
                0x0000000020000070        0x6 ./Core/Src/button.o
 .bss.buttonState1
                0x0000000020000076        0x1 ./Core/Src/fsm_manual.o
                0x0000000020000076                buttonState1
 .bss.buttonState2
                0x0000000020000077        0x1 ./Core/Src/fsm_manual.o
                0x0000000020000077                buttonState2
 .bss.buttonState3
                0x0000000020000078        0x1 ./Core/Src/fsm_manual.o
                0x0000000020000078                buttonState3
 *fill*         0x0000000020000079        0x3 
 .bss.timer_flag
                0x000000002000007c       0x20 ./Core/Src/global.o
                0x000000002000007c                timer_flag
 .bss.led_buffer
                0x000000002000009c       0x10 ./Core/Src/global.o
                0x000000002000009c                led_buffer
 .bss.ledColorStateRoad1
                0x00000000200000ac        0x1 ./Core/Src/global.o
                0x00000000200000ac                ledColorStateRoad1
 *fill*         0x00000000200000ad        0x3 
 .bss.addValue  0x00000000200000b0        0x4 ./Core/Src/global.o
                0x00000000200000b0                addValue
 .bss.led_enable
                0x00000000200000b4        0x4 ./Core/Src/led_control.o
                0x00000000200000b4                led_enable
 .bss.led_enable_mode
                0x00000000200000b8        0x4 ./Core/Src/mode_feature.o
                0x00000000200000b8                led_enable_mode
 *(COMMON)
 COMMON         0x00000000200000bc       0x48 ./Core/Src/main.o
                0x00000000200000bc                htim2
 COMMON         0x0000000020000104        0x4 ./Drivers/STM32F1xx_HAL_Driver/Src/stm32f1xx_hal.o
                0x0000000020000104                uwTick
                0x0000000020000108                . = ALIGN (0x4)
                0x0000000020000108                _ebss = .
                0x0000000020000108                __bss_end__ = _ebss

._user_heap_stack
                0x0000000020000108      0x600 load address 0x0000000008002e1c
                0x0000000020000108                . = ALIGN (0x8)
                [!provide]                        PROVIDE (end = .)
                0x0000000020000108                PROVIDE (_end = .)
                0x0000000020000308                . = (. + _Min_Heap_Size)
 *fill*         0x0000000020000108      0x200 
                0x0000000020000708                . = (. + _Min_Stack_Size)
 *fill*         0x0000000020000308      0x400 
                0x0000000020000708                . = ALIGN (0x8)

/DISCARD/
 libc.a(*)
 libm.a(*)
 libgcc.a(*)

.ARM.attributes
                0x0000000000000000       0x29
 *(.ARM.attributes)
 .ARM.attributes
                0x0000000000000000       0x1d c:/st/stm32cubeide_1.7.0/stm32cubeide/plugins/com.st.stm32cube.ide.mcu.externaltools.gnu-tools-for-stm32.9-2020-q2-update.win32_2.0.0.202105311346/tools/bin/../lib/gcc/arm-none-eabi/9.3.1/thumb/v7-m/nofp/crti.o
 .ARM.attributes
                0x000000000000001d       0x2d c:/st/stm32cubeide_1.7.0/stm32cubeide/plugins/com.st.stm32cube.ide.mcu.externaltools.gnu-tools-for-stm32.9-2020-q2-update.win32_2.0.0.202105311346/tools/bin/../lib/gcc/arm-none-eabi/9.3.1/thumb/v7-m/nofp/crtbegin.o
 .ARM.attributes
                0x000000000000004a       0x2d ./Core/Src/button.o
 .ARM.attributes
                0x0000000000000077       0x2d ./Core/Src/fsm_auto.o
 .ARM.attributes
                0x00000000000000a4       0x2d ./Core/Src/fsm_manual.o
 .ARM.attributes
                0x00000000000000d1       0x2d ./Core/Src/global.o
 .ARM.attributes
                0x00000000000000fe       0x2d ./Core/Src/led_7segment.o
 .ARM.attributes
                0x000000000000012b       0x2d ./Core/Src/led_control.o
 .ARM.attributes
                0x0000000000000158       0x2d ./Core/Src/led_traffic_light.o
 .ARM.attributes
                0x0000000000000185       0x2d ./Core/Src/main.o
 .ARM.attributes
                0x00000000000001b2       0x2d ./Core/Src/mode_feature.o
 .ARM.attributes
                0x00000000000001df       0x2d ./Core/Src/software_timer.o
 .ARM.attributes
                0x000000000000020c       0x2d ./Core/Src/stm32f1xx_hal_msp.o
 .ARM.attributes
                0x0000000000000239       0x2d ./Core/Src/stm32f1xx_it.o
 .ARM.attributes
                0x0000000000000266       0x2d ./Core/Src/system_stm32f1xx.o
 .ARM.attributes
                0x0000000000000293       0x21 ./Core/Startup/startup_stm32f103c6tx.o
 .ARM.attributes
                0x00000000000002b4       0x2d ./Drivers/STM32F1xx_HAL_Driver/Src/stm32f1xx_hal.o
 .ARM.attributes
                0x00000000000002e1       0x2d ./Drivers/STM32F1xx_HAL_Driver/Src/stm32f1xx_hal_cortex.o
 .ARM.attributes
                0x000000000000030e       0x2d ./Drivers/STM32F1xx_HAL_Driver/Src/stm32f1xx_hal_gpio.o
 .ARM.attributes
                0x000000000000033b       0x2d ./Drivers/STM32F1xx_HAL_Driver/Src/stm32f1xx_hal_rcc.o
 .ARM.attributes
                0x0000000000000368       0x2d ./Drivers/STM32F1xx_HAL_Driver/Src/stm32f1xx_hal_tim.o
 .ARM.attributes
                0x0000000000000395       0x2d ./Drivers/STM32F1xx_HAL_Driver/Src/stm32f1xx_hal_tim_ex.o
 .ARM.attributes
                0x00000000000003c2       0x2d c:/st/stm32cubeide_1.7.0/stm32cubeide/plugins/com.st.stm32cube.ide.mcu.externaltools.gnu-tools-for-stm32.9-2020-q2-update.win32_2.0.0.202105311346/tools/bin/../lib/gcc/arm-none-eabi/9.3.1/../../../../arm-none-eabi/lib/thumb/v7-m/nofp\libc_nano.a(lib_a-init.o)
 .ARM.attributes
                0x00000000000003ef       0x2d c:/st/stm32cubeide_1.7.0/stm32cubeide/plugins/com.st.stm32cube.ide.mcu.externaltools.gnu-tools-for-stm32.9-2020-q2-update.win32_2.0.0.202105311346/tools/bin/../lib/gcc/arm-none-eabi/9.3.1/../../../../arm-none-eabi/lib/thumb/v7-m/nofp\libc_nano.a(lib_a-memset.o)
 .ARM.attributes
                0x000000000000041c       0x1d c:/st/stm32cubeide_1.7.0/stm32cubeide/plugins/com.st.stm32cube.ide.mcu.externaltools.gnu-tools-for-stm32.9-2020-q2-update.win32_2.0.0.202105311346/tools/bin/../lib/gcc/arm-none-eabi/9.3.1/thumb/v7-m/nofp/crtn.o
OUTPUT(Lab3.elf elf32-littlearm)
LOAD linker stubs
LOAD c:/st/stm32cubeide_1.7.0/stm32cubeide/plugins/com.st.stm32cube.ide.mcu.externaltools.gnu-tools-for-stm32.9-2020-q2-update.win32_2.0.0.202105311346/tools/bin/../lib/gcc/arm-none-eabi/9.3.1/../../../../arm-none-eabi/lib/thumb/v7-m/nofp\libc.a
LOAD c:/st/stm32cubeide_1.7.0/stm32cubeide/plugins/com.st.stm32cube.ide.mcu.externaltools.gnu-tools-for-stm32.9-2020-q2-update.win32_2.0.0.202105311346/tools/bin/../lib/gcc/arm-none-eabi/9.3.1/../../../../arm-none-eabi/lib/thumb/v7-m/nofp\libm.a
LOAD c:/st/stm32cubeide_1.7.0/stm32cubeide/plugins/com.st.stm32cube.ide.mcu.externaltools.gnu-tools-for-stm32.9-2020-q2-update.win32_2.0.0.202105311346/tools/bin/../lib/gcc/arm-none-eabi/9.3.1/thumb/v7-m/nofp\libgcc.a

.debug_info     0x0000000000000000     0xa500
 .debug_info    0x0000000000000000      0x357 ./Core/Src/button.o
 .debug_info    0x0000000000000357      0x2c1 ./Core/Src/fsm_auto.o
 .debug_info    0x0000000000000618      0x2e7 ./Core/Src/fsm_manual.o
 .debug_info    0x00000000000008ff      0x204 ./Core/Src/global.o
 .debug_info    0x0000000000000b03      0x28f ./Core/Src/led_7segment.o
 .debug_info    0x0000000000000d92      0x422 ./Core/Src/led_control.o
 .debug_info    0x00000000000011b4      0x24f ./Core/Src/led_traffic_light.o
 .debug_info    0x0000000000001403      0xb67 ./Core/Src/main.o
 .debug_info    0x0000000000001f6a      0x486 ./Core/Src/mode_feature.o
 .debug_info    0x00000000000023f0      0x81f ./Core/Src/software_timer.o
 .debug_info    0x0000000000002c0f      0xa09 ./Core/Src/stm32f1xx_hal_msp.o
 .debug_info    0x0000000000003618      0x7b9 ./Core/Src/stm32f1xx_it.o
 .debug_info    0x0000000000003dd1      0x2be ./Core/Src/system_stm32f1xx.o
 .debug_info    0x000000000000408f       0x22 ./Core/Startup/startup_stm32f103c6tx.o
 .debug_info    0x00000000000040b1      0x74c ./Drivers/STM32F1xx_HAL_Driver/Src/stm32f1xx_hal.o
 .debug_info    0x00000000000047fd      0xbbe ./Drivers/STM32F1xx_HAL_Driver/Src/stm32f1xx_hal_cortex.o
 .debug_info    0x00000000000053bb      0x701 ./Drivers/STM32F1xx_HAL_Driver/Src/stm32f1xx_hal_gpio.o
 .debug_info    0x0000000000005abc      0x893 ./Drivers/STM32F1xx_HAL_Driver/Src/stm32f1xx_hal_rcc.o
 .debug_info    0x000000000000634f     0x2c32 ./Drivers/STM32F1xx_HAL_Driver/Src/stm32f1xx_hal_tim.o
 .debug_info    0x0000000000008f81     0x157f ./Drivers/STM32F1xx_HAL_Driver/Src/stm32f1xx_hal_tim_ex.o

.debug_abbrev   0x0000000000000000     0x1fcc
 .debug_abbrev  0x0000000000000000      0x16e ./Core/Src/button.o
 .debug_abbrev  0x000000000000016e       0xf9 ./Core/Src/fsm_auto.o
 .debug_abbrev  0x0000000000000267       0xe0 ./Core/Src/fsm_manual.o
 .debug_abbrev  0x0000000000000347       0xaa ./Core/Src/global.o
 .debug_abbrev  0x00000000000003f1      0x12e ./Core/Src/led_7segment.o
 .debug_abbrev  0x000000000000051f      0x19e ./Core/Src/led_control.o
 .debug_abbrev  0x00000000000006bd      0x109 ./Core/Src/led_traffic_light.o
 .debug_abbrev  0x00000000000007c6      0x21b ./Core/Src/main.o
 .debug_abbrev  0x00000000000009e1      0x1bb ./Core/Src/mode_feature.o
 .debug_abbrev  0x0000000000000b9c      0x184 ./Core/Src/software_timer.o
 .debug_abbrev  0x0000000000000d20      0x1b7 ./Core/Src/stm32f1xx_hal_msp.o
 .debug_abbrev  0x0000000000000ed7      0x176 ./Core/Src/stm32f1xx_it.o
 .debug_abbrev  0x000000000000104d      0x14e ./Core/Src/system_stm32f1xx.o
 .debug_abbrev  0x000000000000119b       0x12 ./Core/Startup/startup_stm32f103c6tx.o
 .debug_abbrev  0x00000000000011ad      0x1ed ./Drivers/STM32F1xx_HAL_Driver/Src/stm32f1xx_hal.o
 .debug_abbrev  0x000000000000139a      0x313 ./Drivers/STM32F1xx_HAL_Driver/Src/stm32f1xx_hal_cortex.o
 .debug_abbrev  0x00000000000016ad      0x1e8 ./Drivers/STM32F1xx_HAL_Driver/Src/stm32f1xx_hal_gpio.o
 .debug_abbrev  0x0000000000001895      0x273 ./Drivers/STM32F1xx_HAL_Driver/Src/stm32f1xx_hal_rcc.o
 .debug_abbrev  0x0000000000001b08      0x25e ./Drivers/STM32F1xx_HAL_Driver/Src/stm32f1xx_hal_tim.o
 .debug_abbrev  0x0000000000001d66      0x266 ./Drivers/STM32F1xx_HAL_Driver/Src/stm32f1xx_hal_tim_ex.o

.debug_aranges  0x0000000000000000      0xaf8
 .debug_aranges
                0x0000000000000000       0x38 ./Core/Src/button.o
 .debug_aranges
                0x0000000000000038       0x20 ./Core/Src/fsm_auto.o
 .debug_aranges
                0x0000000000000058       0x20 ./Core/Src/fsm_manual.o
 .debug_aranges
                0x0000000000000078       0x20 ./Core/Src/global.o
 .debug_aranges
                0x0000000000000098       0x28 ./Core/Src/led_7segment.o
 .debug_aranges
                0x00000000000000c0       0x50 ./Core/Src/led_control.o
 .debug_aranges
                0x0000000000000110       0x20 ./Core/Src/led_traffic_light.o
 .debug_aranges
                0x0000000000000130       0x40 ./Core/Src/main.o
 .debug_aranges
                0x0000000000000170       0x80 ./Core/Src/mode_feature.o
 .debug_aranges
                0x00000000000001f0       0x20 ./Core/Src/software_timer.o
 .debug_aranges
                0x0000000000000210       0x30 ./Core/Src/stm32f1xx_hal_msp.o
 .debug_aranges
                0x0000000000000240       0x68 ./Core/Src/stm32f1xx_it.o
 .debug_aranges
                0x00000000000002a8       0x28 ./Core/Src/system_stm32f1xx.o
 .debug_aranges
                0x00000000000002d0       0x28 ./Core/Startup/startup_stm32f103c6tx.o
 .debug_aranges
                0x00000000000002f8       0xe0 ./Drivers/STM32F1xx_HAL_Driver/Src/stm32f1xx_hal.o
 .debug_aranges
                0x00000000000003d8      0x100 ./Drivers/STM32F1xx_HAL_Driver/Src/stm32f1xx_hal_cortex.o
 .debug_aranges
                0x00000000000004d8       0x58 ./Drivers/STM32F1xx_HAL_Driver/Src/stm32f1xx_hal_gpio.o
 .debug_aranges
                0x0000000000000530       0x90 ./Drivers/STM32F1xx_HAL_Driver/Src/stm32f1xx_hal_rcc.o
 .debug_aranges
                0x00000000000005c0      0x3d0 ./Drivers/STM32F1xx_HAL_Driver/Src/stm32f1xx_hal_tim.o
 .debug_aranges
                0x0000000000000990      0x168 ./Drivers/STM32F1xx_HAL_Driver/Src/stm32f1xx_hal_tim_ex.o

.debug_ranges   0x0000000000000000      0x9c0
 .debug_ranges  0x0000000000000000       0x28 ./Core/Src/button.o
 .debug_ranges  0x0000000000000028       0x10 ./Core/Src/fsm_auto.o
 .debug_ranges  0x0000000000000038       0x10 ./Core/Src/fsm_manual.o
 .debug_ranges  0x0000000000000048       0x10 ./Core/Src/global.o
 .debug_ranges  0x0000000000000058       0x18 ./Core/Src/led_7segment.o
 .debug_ranges  0x0000000000000070       0x40 ./Core/Src/led_control.o
 .debug_ranges  0x00000000000000b0       0x10 ./Core/Src/led_traffic_light.o
 .debug_ranges  0x00000000000000c0       0x30 ./Core/Src/main.o
 .debug_ranges  0x00000000000000f0       0x70 ./Core/Src/mode_feature.o
 .debug_ranges  0x0000000000000160       0x10 ./Core/Src/software_timer.o
 .debug_ranges  0x0000000000000170       0x20 ./Core/Src/stm32f1xx_hal_msp.o
 .debug_ranges  0x0000000000000190       0x58 ./Core/Src/stm32f1xx_it.o
 .debug_ranges  0x00000000000001e8       0x18 ./Core/Src/system_stm32f1xx.o
 .debug_ranges  0x0000000000000200       0x20 ./Core/Startup/startup_stm32f103c6tx.o
 .debug_ranges  0x0000000000000220       0xd0 ./Drivers/STM32F1xx_HAL_Driver/Src/stm32f1xx_hal.o
 .debug_ranges  0x00000000000002f0       0xf0 ./Drivers/STM32F1xx_HAL_Driver/Src/stm32f1xx_hal_cortex.o
 .debug_ranges  0x00000000000003e0       0x48 ./Drivers/STM32F1xx_HAL_Driver/Src/stm32f1xx_hal_gpio.o
 .debug_ranges  0x0000000000000428       0x80 ./Drivers/STM32F1xx_HAL_Driver/Src/stm32f1xx_hal_rcc.o
 .debug_ranges  0x00000000000004a8      0x3c0 ./Drivers/STM32F1xx_HAL_Driver/Src/stm32f1xx_hal_tim.o
 .debug_ranges  0x0000000000000868      0x158 ./Drivers/STM32F1xx_HAL_Driver/Src/stm32f1xx_hal_tim_ex.o

.debug_macro    0x0000000000000000    0x17157
 .debug_macro   0x0000000000000000      0x1be ./Core/Src/button.o
 .debug_macro   0x00000000000001be      0xa9c ./Core/Src/button.o
 .debug_macro   0x0000000000000c5a      0x215 ./Core/Src/button.o
 .debug_macro   0x0000000000000e6f       0x2e ./Core/Src/button.o
 .debug_macro   0x0000000000000e9d       0x22 ./Core/Src/button.o
 .debug_macro   0x0000000000000ebf       0x22 ./Core/Src/button.o
 .debug_macro   0x0000000000000ee1       0x8e ./Core/Src/button.o
 .debug_macro   0x0000000000000f6f       0x51 ./Core/Src/button.o
 .debug_macro   0x0000000000000fc0      0x103 ./Core/Src/button.o
 .debug_macro   0x00000000000010c3       0x6a ./Core/Src/button.o
 .debug_macro   0x000000000000112d      0x1df ./Core/Src/button.o
 .debug_macro   0x000000000000130c       0x1c ./Core/Src/button.o
 .debug_macro   0x0000000000001328       0x22 ./Core/Src/button.o
 .debug_macro   0x000000000000134a       0xc3 ./Core/Src/button.o
 .debug_macro   0x000000000000140d      0xd23 ./Core/Src/button.o
 .debug_macro   0x0000000000002130     0xde75 ./Core/Src/button.o
 .debug_macro   0x000000000000ffa5       0x6d ./Core/Src/button.o
 .debug_macro   0x0000000000010012     0x34a2 ./Core/Src/button.o
 .debug_macro   0x00000000000134b4      0x174 ./Core/Src/button.o
 .debug_macro   0x0000000000013628       0x5c ./Core/Src/button.o
 .debug_macro   0x0000000000013684      0x5bc ./Core/Src/button.o
 .debug_macro   0x0000000000013c40      0x1b7 ./Core/Src/button.o
 .debug_macro   0x0000000000013df7      0x1cb ./Core/Src/button.o
 .debug_macro   0x0000000000013fc2      0x114 ./Core/Src/button.o
 .debug_macro   0x00000000000140d6      0x1b2 ./Core/Src/button.o
 .debug_macro   0x0000000000014288       0x27 ./Core/Src/button.o
 .debug_macro   0x00000000000142af      0x12f ./Core/Src/button.o
 .debug_macro   0x00000000000143de      0x1bc ./Core/Src/button.o
 .debug_macro   0x000000000001459a       0x34 ./Core/Src/button.o
 .debug_macro   0x00000000000145ce       0x3c ./Core/Src/button.o
 .debug_macro   0x000000000001460a       0x57 ./Core/Src/button.o
 .debug_macro   0x0000000000014661       0x87 ./Core/Src/button.o
 .debug_macro   0x00000000000146e8      0x183 ./Core/Src/button.o
 .debug_macro   0x000000000001486b      0x140 ./Core/Src/button.o
 .debug_macro   0x00000000000149ab      0x8ed ./Core/Src/button.o
 .debug_macro   0x0000000000015298       0x69 ./Core/Src/button.o
 .debug_macro   0x0000000000015301       0xf4 ./Core/Src/button.o
 .debug_macro   0x00000000000153f5      0x1b9 ./Core/Src/fsm_auto.o
 .debug_macro   0x00000000000155ae       0x40 ./Core/Src/fsm_auto.o
 .debug_macro   0x00000000000155ee      0x1c3 ./Core/Src/fsm_manual.o
 .debug_macro   0x00000000000157b1       0x1a ./Core/Src/global.o
 .debug_macro   0x00000000000157cb      0x1a6 ./Core/Src/led_7segment.o
 .debug_macro   0x0000000000015971      0x1cd ./Core/Src/led_control.o
 .debug_macro   0x0000000000015b3e      0x1a6 ./Core/Src/led_traffic_light.o
 .debug_macro   0x0000000000015ce4      0x1ba ./Core/Src/main.o
 .debug_macro   0x0000000000015e9e      0x1d3 ./Core/Src/mode_feature.o
 .debug_macro   0x0000000000016071      0x1cd ./Core/Src/software_timer.o
 .debug_macro   0x000000000001623e      0x1a6 ./Core/Src/stm32f1xx_hal_msp.o
 .debug_macro   0x00000000000163e4      0x1b0 ./Core/Src/stm32f1xx_it.o
 .debug_macro   0x0000000000016594      0x197 ./Core/Src/system_stm32f1xx.o
 .debug_macro   0x000000000001672b      0x1bb ./Drivers/STM32F1xx_HAL_Driver/Src/stm32f1xx_hal.o
 .debug_macro   0x00000000000168e6      0x197 ./Drivers/STM32F1xx_HAL_Driver/Src/stm32f1xx_hal_cortex.o
 .debug_macro   0x0000000000016a7d      0x202 ./Drivers/STM32F1xx_HAL_Driver/Src/stm32f1xx_hal_gpio.o
 .debug_macro   0x0000000000016c7f      0x1a9 ./Drivers/STM32F1xx_HAL_Driver/Src/stm32f1xx_hal_rcc.o
 .debug_macro   0x0000000000016e28      0x198 ./Drivers/STM32F1xx_HAL_Driver/Src/stm32f1xx_hal_tim.o
 .debug_macro   0x0000000000016fc0      0x197 ./Drivers/STM32F1xx_HAL_Driver/Src/stm32f1xx_hal_tim_ex.o

.debug_line     0x0000000000000000     0xcefb
 .debug_line    0x0000000000000000      0x724 ./Core/Src/button.o
 .debug_line    0x0000000000000724      0x6da ./Core/Src/fsm_auto.o
 .debug_line    0x0000000000000dfe      0x744 ./Core/Src/fsm_manual.o
 .debug_line    0x0000000000001542       0x70 ./Core/Src/global.o
 .debug_line    0x00000000000015b2      0x6e9 ./Core/Src/led_7segment.o
 .debug_line    0x0000000000001c9b      0x880 ./Core/Src/led_control.o
 .debug_line    0x000000000000251b      0x682 ./Core/Src/led_traffic_light.o
 .debug_line    0x0000000000002b9d      0x789 ./Core/Src/main.o
 .debug_line    0x0000000000003326      0x97c ./Core/Src/mode_feature.o
 .debug_line    0x0000000000003ca2      0x6d2 ./Core/Src/software_timer.o
 .debug_line    0x0000000000004374      0x6a1 ./Core/Src/stm32f1xx_hal_msp.o
 .debug_line    0x0000000000004a15      0x73f ./Core/Src/stm32f1xx_it.o
 .debug_line    0x0000000000005154      0x6e3 ./Core/Src/system_stm32f1xx.o
 .debug_line    0x0000000000005837       0x86 ./Core/Startup/startup_stm32f103c6tx.o
 .debug_line    0x00000000000058bd      0x910 ./Drivers/STM32F1xx_HAL_Driver/Src/stm32f1xx_hal.o
 .debug_line    0x00000000000061cd      0xaf8 ./Drivers/STM32F1xx_HAL_Driver/Src/stm32f1xx_hal_cortex.o
 .debug_line    0x0000000000006cc5      0x993 ./Drivers/STM32F1xx_HAL_Driver/Src/stm32f1xx_hal_gpio.o
 .debug_line    0x0000000000007658      0xd1c ./Drivers/STM32F1xx_HAL_Driver/Src/stm32f1xx_hal_rcc.o
 .debug_line    0x0000000000008374     0x3361 ./Drivers/STM32F1xx_HAL_Driver/Src/stm32f1xx_hal_tim.o
 .debug_line    0x000000000000b6d5     0x1826 ./Drivers/STM32F1xx_HAL_Driver/Src/stm32f1xx_hal_tim_ex.o

.debug_str      0x0000000000000000    0x826c6
 .debug_str     0x0000000000000000    0x7f85d ./Core/Src/button.o
                                      0x7fbd8 (size before relaxing)
 .debug_str     0x000000000007f85d      0x1f1 ./Core/Src/fsm_auto.o
                                      0x7fc3b (size before relaxing)
 .debug_str     0x000000000007fa4e       0xbc ./Core/Src/fsm_manual.o
                                      0x7fcbd (size before relaxing)
 .debug_str     0x000000000007fb0a       0x1e ./Core/Src/global.o
                                       0x2f63 (size before relaxing)
 .debug_str     0x000000000007fb28       0x32 ./Core/Src/led_7segment.o
                                      0x7fabf (size before relaxing)
 .debug_str     0x000000000007fb5a       0xe1 ./Core/Src/led_control.o
                                      0x7fcef (size before relaxing)
 .debug_str     0x000000000007fc3b       0x20 ./Core/Src/led_traffic_light.o
                                      0x7faad (size before relaxing)
 .debug_str     0x000000000007fc5b      0x6e0 ./Core/Src/main.o
                                      0x80217 (size before relaxing)
 .debug_str     0x000000000008033b      0x107 ./Core/Src/mode_feature.o
                                      0x7fd7a (size before relaxing)
 .debug_str     0x0000000000080442       0x40 ./Core/Src/software_timer.o
                                      0x8012d (size before relaxing)
 .debug_str     0x0000000000080482      0x2ba ./Core/Src/stm32f1xx_hal_msp.o
                                      0x80265 (size before relaxing)
 .debug_str     0x000000000008073c       0xcd ./Core/Src/stm32f1xx_it.o
                                      0x7ffc7 (size before relaxing)
 .debug_str     0x0000000000080809       0x52 ./Core/Src/system_stm32f1xx.o
                                      0x7f779 (size before relaxing)
 .debug_str     0x000000000008085b       0x36 ./Core/Startup/startup_stm32f103c6tx.o
                                         0x6d (size before relaxing)
 .debug_str     0x0000000000080891      0x304 ./Drivers/STM32F1xx_HAL_Driver/Src/stm32f1xx_hal.o
                                      0x7fdd0 (size before relaxing)
 .debug_str     0x0000000000080b95      0x300 ./Drivers/STM32F1xx_HAL_Driver/Src/stm32f1xx_hal_cortex.o
                                      0x7fdd8 (size before relaxing)
 .debug_str     0x0000000000080e95      0x316 ./Drivers/STM32F1xx_HAL_Driver/Src/stm32f1xx_hal_gpio.o
                                      0x7fb3d (size before relaxing)
 .debug_str     0x00000000000811ab      0x24f ./Drivers/STM32F1xx_HAL_Driver/Src/stm32f1xx_hal_rcc.o
                                      0x7fb76 (size before relaxing)
 .debug_str     0x00000000000813fa      0xdde ./Drivers/STM32F1xx_HAL_Driver/Src/stm32f1xx_hal_tim.o
                                      0x80b5f (size before relaxing)
 .debug_str     0x00000000000821d8      0x4ee ./Drivers/STM32F1xx_HAL_Driver/Src/stm32f1xx_hal_tim_ex.o
                                      0x80300 (size before relaxing)

.comment        0x0000000000000000       0x53
 .comment       0x0000000000000000       0x53 ./Core/Src/button.o
                                         0x54 (size before relaxing)
 .comment       0x0000000000000053       0x54 ./Core/Src/fsm_auto.o
 .comment       0x0000000000000053       0x54 ./Core/Src/fsm_manual.o
 .comment       0x0000000000000053       0x54 ./Core/Src/global.o
 .comment       0x0000000000000053       0x54 ./Core/Src/led_7segment.o
 .comment       0x0000000000000053       0x54 ./Core/Src/led_control.o
 .comment       0x0000000000000053       0x54 ./Core/Src/led_traffic_light.o
 .comment       0x0000000000000053       0x54 ./Core/Src/main.o
 .comment       0x0000000000000053       0x54 ./Core/Src/mode_feature.o
 .comment       0x0000000000000053       0x54 ./Core/Src/software_timer.o
 .comment       0x0000000000000053       0x54 ./Core/Src/stm32f1xx_hal_msp.o
 .comment       0x0000000000000053       0x54 ./Core/Src/stm32f1xx_it.o
 .comment       0x0000000000000053       0x54 ./Core/Src/system_stm32f1xx.o
 .comment       0x0000000000000053       0x54 ./Drivers/STM32F1xx_HAL_Driver/Src/stm32f1xx_hal.o
 .comment       0x0000000000000053       0x54 ./Drivers/STM32F1xx_HAL_Driver/Src/stm32f1xx_hal_cortex.o
 .comment       0x0000000000000053       0x54 ./Drivers/STM32F1xx_HAL_Driver/Src/stm32f1xx_hal_gpio.o
 .comment       0x0000000000000053       0x54 ./Drivers/STM32F1xx_HAL_Driver/Src/stm32f1xx_hal_rcc.o
 .comment       0x0000000000000053       0x54 ./Drivers/STM32F1xx_HAL_Driver/Src/stm32f1xx_hal_tim.o
 .comment       0x0000000000000053       0x54 ./Drivers/STM32F1xx_HAL_Driver/Src/stm32f1xx_hal_tim_ex.o

.debug_frame    0x0000000000000000     0x2a34
 .debug_frame   0x0000000000000000       0xa0 ./Core/Src/button.o
 .debug_frame   0x00000000000000a0       0x2c ./Core/Src/fsm_auto.o
 .debug_frame   0x00000000000000cc       0x2c ./Core/Src/fsm_manual.o
 .debug_frame   0x00000000000000f8       0x38 ./Core/Src/global.o
 .debug_frame   0x0000000000000130       0x5c ./Core/Src/led_7segment.o
 .debug_frame   0x000000000000018c       0xf8 ./Core/Src/led_control.o
 .debug_frame   0x0000000000000284       0x34 ./Core/Src/led_traffic_light.o
 .debug_frame   0x00000000000002b8       0xb0 ./Core/Src/main.o
 .debug_frame   0x0000000000000368      0x1a8 ./Core/Src/mode_feature.o
 .debug_frame   0x0000000000000510       0x34 ./Core/Src/software_timer.o
 .debug_frame   0x0000000000000544       0x80 ./Core/Src/stm32f1xx_hal_msp.o
 .debug_frame   0x00000000000005c4      0x120 ./Core/Src/stm32f1xx_it.o
 .debug_frame   0x00000000000006e4       0x58 ./Core/Src/system_stm32f1xx.o
 .debug_frame   0x000000000000073c      0x334 ./Drivers/STM32F1xx_HAL_Driver/Src/stm32f1xx_hal.o
 .debug_frame   0x0000000000000a70      0x428 ./Drivers/STM32F1xx_HAL_Driver/Src/stm32f1xx_hal_cortex.o
 .debug_frame   0x0000000000000e98      0x14c ./Drivers/STM32F1xx_HAL_Driver/Src/stm32f1xx_hal_gpio.o
 .debug_frame   0x0000000000000fe4      0x218 ./Drivers/STM32F1xx_HAL_Driver/Src/stm32f1xx_hal_rcc.o
 .debug_frame   0x00000000000011fc     0x11b4 ./Drivers/STM32F1xx_HAL_Driver/Src/stm32f1xx_hal_tim.o
 .debug_frame   0x00000000000023b0      0x638 ./Drivers/STM32F1xx_HAL_Driver/Src/stm32f1xx_hal_tim_ex.o
 .debug_frame   0x00000000000029e8       0x2c c:/st/stm32cubeide_1.7.0/stm32cubeide/plugins/com.st.stm32cube.ide.mcu.externaltools.gnu-tools-for-stm32.9-2020-q2-update.win32_2.0.0.202105311346/tools/bin/../lib/gcc/arm-none-eabi/9.3.1/../../../../arm-none-eabi/lib/thumb/v7-m/nofp\libc_nano.a(lib_a-init.o)
 .debug_frame   0x0000000000002a14       0x20 c:/st/stm32cubeide_1.7.0/stm32cubeide/plugins/com.st.stm32cube.ide.mcu.externaltools.gnu-tools-for-stm32.9-2020-q2-update.win32_2.0.0.202105311346/tools/bin/../lib/gcc/arm-none-eabi/9.3.1/../../../../arm-none-eabi/lib/thumb/v7-m/nofp\libc_nano.a(lib_a-memset.o)
