main.c:48:6:setTimer0	16	static
main.c:54:6:timer_run	4	static
main.c:72:6:display7SEG	16	static
main.c:155:20:EN_AllOff	8	static
main.c:162:20:EN_Select	16	static
main.c:171:6:update7SEG	16	static
main.c:177:6:updateClockBuffer	16	static
main.c:186:6:led_red	8	static
main.c:191:5:main	16	static
main.c:230:6:SystemClock_Config	72	static
main.c:250:13:MX_TIM2_Init	32	static
main.c:269:13:MX_GPIO_Init	32	static
main.c:297:6:HAL_TIM_PeriodElapsedCallback	16	static
main.c:310:6:Error_Handler	4	static,ignoring_inline_asm
