main.c:144:6:setTimer0	16	static
main.c:149:6:setTimer1	16	static
main.c:154:6:setTimerMatrix	16	static
main.c:159:6:setTimerAnim	16	static
main.c:164:6:timer_run	4	static
main.c:178:6:updateClockBuffer	4	static
main.c:185:6:display7SEG	16	static
main.c:270:6:update7SEG	16	static
main.c:306:6:disableAllColumns	16	static
main.c:312:6:updateLEDMatrix	24	static
main.c:326:6:shiftMatrixLeftOnce	16	static
main.c:350:5:main	8	static
main.c:437:6:SystemClock_Config	72	static
main.c:473:13:MX_TIM2_Init	32	static
main.c:518:13:MX_GPIO_Init	32	static
main.c:567:6:HAL_TIM_PeriodElapsedCallback	16	static
main.c:576:6:Error_Handler	4	static,ignoring_inline_asm
