syscalls.c:21:6:initialise_monitor_handles	4	static
syscalls.c:25:5:_getpid	4	static
syscalls.c:30:5:_kill	16	static
syscalls.c:38:6:_exit	16	static
syscalls.c:44:27:_read	32	static
syscalls.c:57:27:_write	32	static
syscalls.c:69:5:_close	16	static
syscalls.c:76:5:_fstat	16	static
syscalls.c:83:5:_isatty	16	static
syscalls.c:89:5:_lseek	24	static
syscalls.c:97:5:_open	12	static
syscalls.c:105:5:_wait	16	static
syscalls.c:112:5:_unlink	16	static
syscalls.c:119:5:_times	16	static
syscalls.c:125:5:_stat	16	static
syscalls.c:132:5:_link	16	static
syscalls.c:140:5:_fork	8	static
syscalls.c:146:5:_execve	24	static
