main.c:142:8:read_ADC	24	static
main.c:104:5:main	40	static
main.c:149:8:cmd_action	24	static
main.c:159:8:command_parser_fsm	24	static
main.c:189:8:uart_communiation_fsm	24	static
main.c:278:6:SystemClock_Config	88	static
main.c:322:13:MX_ADC1_Init	24	static
main.c:369:13:MX_TIM2_Init	32	static
main.c:414:13:MX_USART2_UART_Init	8	static
main.c:447:13:MX_GPIO_Init	32	static
main.c:471:6:HAL_UART_RxCpltCallback	16	static
main.c:510:6:HAL_TIM_PeriodElapsedCallback	16	static
main.c:522:6:Error_Handler	4	static,ignoring_inline_asm
