main.c:55:23:clamp_min1	16	static
main.c:57:20:setTimer_multiplex	24	static
main.c:62:20:setTimer_1s	24	static
main.c:67:20:setTimer_dot	24	static
main.c:72:20:timer_run	4	static
main.c:88:6:display7SEG	16	static
main.c:171:20:EN_AllOff	8	static
main.c:178:20:EN_Select	16	static
main.c:187:6:update7SEG	16	static
main.c:193:6:updateClockBuffer	16	static
main.c:202:5:main	8	static
main.c:245:6:SystemClock_Config	72	static
main.c:265:13:MX_TIM2_Init	32	static
main.c:284:13:MX_GPIO_Init	32	static
main.c:309:6:HAL_TIM_PeriodElapsedCallback	16	static
main.c:315:6:Error_Handler	4	static,ignoring_inline_asm
